// Jest Snapshot v1, https://goo.gl/fbAQLP

exports[`module should export a stable API 1`] = `
Object {
  "DEFAULT_PREFIX": "sess:",
  "DEFAULT_TABLE": "sessions",
  "DEFAULT_TTL": 86400000,
  "KnexStore": [Function],
  "default": [Function],
}
`;
